// Jest Snapshot v1, https://goo.gl/fbAQLP

exports[`bugs should deploy contract correctly 1`] = `
[
  {
    "$seq": 0,
    "events": [
      {
        "$type": "deploy",
      },
      {
        "$type": "received",
        "message": {
          "body": {
            "cell": "x{178D45190000000000000000502540BE4008001C6C7938BCE1EDDD4D7179F5626FBC23A92D0521900C93D0E579C0128C1BCFDB0016E3A425A4E75B646191AC9A34FE5D050BD101A5C490F87D01C66D885D09BC1082_}",
            "type": "cell",
          },
          "bounce": false,
          "from": "kQAONjycXnD27qa4vPqxN94R1JaCkMgGSehyvOAJRg3n7ROk",
          "to": "kQBW5ieoSEHXuEljVf_tAb_cPCvcurQZBoW1ez4bx54-Zadw",
          "type": "internal",
          "value": "9.959886",
        },
      },
      {
        "$type": "processed",
        "gasUsed": 12277n,
      },
      {
        "$type": "sent",
        "messages": [
          {
            "body": {
              "type": "known",
              "value": {
                "$$type": "TokenExcesses",
                "queryId": 0n,
              },
            },
            "bounce": false,
            "from": "kQBW5ieoSEHXuEljVf_tAb_cPCvcurQZBoW1ez4bx54-Zadw",
            "to": "@treasure(treasure)",
            "type": "internal",
            "value": "9.916924834",
          },
        ],
      },
    ],
  },
]
`;
